[theprogroup.co.nz/index.html]
[backblue.gif]
[fade.gif]
[index.html]
[theprogroup.co.nz/wp-content/themes/progroup/style.css]
[theprogroup.co.nz/wp-content/plugins/contact-form-7/includes/css/stylesef15.css]
[theprogroup.co.nz/wp-content/plugins/revslider/public/assets/css/settings5243.css]
[theprogroup.co.nz/wp-content/themes/namo/css/layoutef15.css]
[theprogroup.co.nz/feed/index.html]
[theprogroup.co.nz/wp-content/themes/namo/css/shortcodesef15.css]
[theprogroup.co.nz/wp-content/themes/namo/fonts/fontello/be-themesef15.css]
[theprogroup.co.nz/wp-content/themes/namo/css/magnific-popupef15.css]
[theprogroup.co.nz/wp-content/themes/namo/css/flexslideref15.css]
[theprogroup.co.nz/comments/feed/index.html]
[theprogroup.co.nz/wp-content/themes/namo/css/animate-customef15.css]
[theprogroup.co.nz/wp-content/themes/namo/css/be-slideref15.css]
[theprogroup.co.nz/wp-includes/js/jquery/jquery-migrate.min330a.js]
[theprogroup.co.nz/home-5/feed/index.html]
[theprogroup.co.nz/wp-content/themes/namo/js/vendor/modernizr-2.6.2.minef15.js]
[theprogroup.co.nz/xmlrpc0db0.php]
[theprogroup.co.nz/wp-json/index.html]
[theprogroup.co.nz/wp-includes/js/jquery/jqueryb8ff.js]
[theprogroup.co.nz/wp-content/plugins/revslider/public/assets/js/jquery.themepunch.revolution.min5243.js]
[theprogroup.co.nz/wp-includes/wlwmanifest.xml]
[theprogroup.co.nz/wp-json/oembed/1.0/embedb08e.json]
[www.theprogroup.co.nz/wp-content/themes/progroup/uploads/ProGroup-web-logo-2014.png]
[theprogroup.co.nz/wp-json/oembed/1.0/embed9e71]
[theprogroup.co.nz/wp-content/themes/progroup/uploads/27277316_l.jpg]
[theprogroup.co.nz/wp-content/themes/progroup/uploads/GroutPro-web-logo-large-2014.png]
[theprogroup.co.nz/wp-content/plugins/revslider/public/assets/js/jquery.themepunch.tools.min5243.js]
[new.theprogroup.co.nz/wp-content/themes/progroup/uploads/iStock_000002390509Small-1-300x200.jpg]
[theprogroup.co.nz/about-us/index.html]
[theprogroup.co.nz/wp-content/themes/progroup/uploads/DeckandFence-web-logo-large-2014.png]
[theprogroup.co.nz/groutpro/index.html]
[theprogroup.co.nz/wp-content/themes/progroup/uploads/refurbished-deck.jpg]
[theprogroup.co.nz/deck-and-fence-pro/index.html]
[theprogroup.co.nz/wp-content/themes/progroup/uploads/GarageCarpet-web-logo-large-2014.png]
[theprogroup.co.nz/prep-and-paint-pro/index.html]
[theprogroup.co.nz/wp-content/themes/progroup/uploads/Laundry-After-thumb.jpg]
[theprogroup.co.nz/garage-carpet-pro/index.html]
[theprogroup.co.nz/wp-content/themes/progroup/uploads/PrepandPaint-web-logo-large-2014.png]
[new.theprogroup.co.nz/wp-content/themes/progroup/uploads/CeilingPaint-300x200.jpg]
[www.theprogroup.co.nz/wp-content/themes/progroup/uploads/grasspro_logo_white2.png]
[www.theprogroup.co.nz/wp-content/themes/progroup/uploads/GrassPro-thumb.jpg]
[theprogroup.co.nz/wp-includes/js/comment-reply.minef15.js]
[theprogroup.co.nz/terms-and-conditions/index.html]
[theprogroup.co.nz/wp-content/plugins/contact-form-7/includes/js/scriptsef15.js]
[theprogroup.co.nz/wp-content/themes/namo/js/pluginsef15.js]
[theprogroup.co.nz/wp-content/themes/namo/js/be-slideref15.js]
[theprogroup.co.nz/wp-content/themes/namo/js/gmap3.minef15.js]
[theprogroup.co.nz/wp-content/themes/namo/js/jquery-ui-1.8.22.custom.minef15.js]
[theprogroup.co.nz/wp-content/themes/namo/js/scriptef15.js]
[theprogroup.co.nz/wp-includes/js/wp-embed.minef15.js]
[theprogroup.co.nz/index.html]
[theprogroup.co.nz/wp-content/themes/namo/style.css]
[theprogroup.co.nz/wp-content/themes/progroup/style.css]
[theprogroup.co.nz/wp-content/plugins/contact-form-7/images/ajax-loader.gif]
[theprogroup.co.nz/wp-content/plugins/contact-form-7/includes/css/stylesef15.css]
[theprogroup.co.nz/wp-content/plugins/revslider/public/assets/fonts/revicons/revicons90c6.eot]
[theprogroup.co.nz/wp-content/plugins/revslider/public/assets/fonts/revicons/revicons90c6.woff]
[theprogroup.co.nz/wp-content/plugins/revslider/public/assets/fonts/revicons/revicons90c6.ttf]
[theprogroup.co.nz/wp-content/plugins/revslider/public/assets/assets/gridtile.png]
[theprogroup.co.nz/wp-content/plugins/revslider/public/assets/assets/gridtile_white.png]
[theprogroup.co.nz/wp-content/plugins/revslider/public/assets/assets/gridtile_3x3.png]
[theprogroup.co.nz/wp-content/plugins/revslider/public/assets/assets/gridtile_3x3_white.png]
[theprogroup.co.nz/wp-content/plugins/revslider/public/assets/assets/coloredbg.png]
[theprogroup.co.nz/wp-content/plugins/revslider/public/assets/css/settings5243.css]
[theprogroup.co.nz/wp-content/plugins/revslider/public/assets/assets/loader.gif]
[theprogroup.co.nz/wp-content/themes/namo/css/layoutef15.css]
[theprogroup.co.nz/wp-content/themes/namo/img/plus_icon.png]
[theprogroup.co.nz/wp-content/themes/namo/img/dots.png]
[theprogroup.co.nz/wp-content/themes/namo/css/shortcodesef15.css]
[theprogroup.co.nz/wp-content/themes/namo/fonts/fontello/be-themes4850.eot]
[theprogroup.co.nz/wp-content/themes/namo/fonts/fontello/be-themes4850.woff]
[theprogroup.co.nz/wp-content/themes/namo/fonts/fontello/be-themes4850.ttf]
[theprogroup.co.nz/wp-content/themes/namo/fonts/fontello/be-themesef15.css]
[theprogroup.co.nz/wp-content/themes/namo/css/magnific-popupef15.css]
[theprogroup.co.nz/wp-content/themes/namo/css/flexslideref15.css]
[theprogroup.co.nz/wp-content/themes/namo/css/animate-customef15.css]
[theprogroup.co.nz/wp-content/themes/namo/css/be-slideref15.css]
[theprogroup.co.nz/indexc9ce.html]
[theprogroup.co.nz/wp-json/oembed/1.0/embed2f24.json]
[theprogroup.co.nz/about-us/feed/index.html]
[theprogroup.co.nz/wp-json/oembed/1.0/embed7e66]
[theprogroup.co.nz/wp-content/themes/groutpro/uploads/theprogroup.png]
[theprogroup.co.nz/wp-content/themes/progroup/uploads/27277316_l-1.jpg]
[www.groutpro.co.nz/wp-content/themes/groutpro/uploads/GroutPro-Logo-2014.png]
[www.groutpro.co.nz/wp-content/themes/groutpro/uploads/DeckandFence-web-logo-2014.png]
[www.groutpro.co.nz/wp-content/themes/groutpro/uploads/GarageCarpet-web-logo-2014.png]
[www.groutpro.co.nz/wp-content/themes/groutpro/uploads/PrepandPaint-web-logo-2014.png]
[www.groutpro.co.nz/wp-content/themes/groutpro/uploads/New-Site-Awards-updated.jpg]
[theprogroup.co.nz/about-us/index.html]
[theprogroup.co.nz/wp-json/oembed/1.0/embed80a8.json]
[theprogroup.co.nz/groutpro/feed/index.html]
[theprogroup.co.nz/wp-json/oembed/1.0/embed9e9d]
[theprogroup.co.nz/wp-content/themes/progroup/uploads/DSC01737b2web.jpg]
[theprogroup.co.nz/groutpro/index.html]
[theprogroup.co.nz/deck-and-fence-pro/feed/index.html]
[theprogroup.co.nz/wp-json/oembed/1.0/embed6f38.json]
[theprogroup.co.nz/wp-content/themes/progroup/uploads/BigDeck1.jpg]
[theprogroup.co.nz/deck-and-fence-pro/index.html]
[theprogroup.co.nz/wp-json/oembed/1.0/embed62da]
[theprogroup.co.nz/wp-json/oembed/1.0/embedf709.json]
[theprogroup.co.nz/prep-and-paint-pro/feed/index.html]
[theprogroup.co.nz/wp-json/oembed/1.0/embed04cb]
[theprogroup.co.nz/wp-content/themes/progroup/uploads/10041219_l-1.jpg]
[theprogroup.co.nz/prep-and-paint-pro/index.html]
[theprogroup.co.nz/wp-json/oembed/1.0/embed6cc1.json]
[theprogroup.co.nz/garage-carpet-pro/feed/index.html]
[theprogroup.co.nz/wp-json/oembed/1.0/embed64d7]
[theprogroup.co.nz/wp-content/themes/progroup/uploads/Tall-imgs-2.jpg]
[theprogroup.co.nz/garage-carpet-pro/index.html]
[theprogroup.co.nz/wp-json/oembed/1.0/embedc182.json]
[theprogroup.co.nz/terms-and-conditions/feed/index.html]
[theprogroup.co.nz/wp-json/oembed/1.0/embeda133]
[theprogroup.co.nz/terms-and-conditions/index.html]
[theprogroup.co.nz/wp-content/themes/namo/style.css]
[theprogroup.co.nz/wp-content/plugins/revslider/public/assets/fonts/revicons/revicons90c6.svg]
[theprogroup.co.nz/wp-content/plugins/revslider/public/assets/css/openhand.html]
[theprogroup.co.nz/wp-content/plugins/revslider/public/assets/css/closedhand.html]
[theprogroup.co.nz/wp-content/themes/namo/fonts/fontello/be-themes4850.svg]
[theprogroup.co.nz/wp-content/themes/namo/mCSB_buttons.html]
[theprogroup.co.nz/index5643.html]
[theprogroup.co.nz/index49fa.html]
[theprogroup.co.nz/index3e7f.html]
[theprogroup.co.nz/index6efc.html]
[theprogroup.co.nz/indexda0e.html]
[theprogroup.co.nz/index57e7.html]
[theprogroup.co.nz/index7174.html]
[theprogroup.co.nz/indexa6d7.html]
[theprogroup.co.nz/index8b89.html]
[theprogroup.co.nz/indexc2ad.html]
[theprogroup.co.nz/index29f5.html]
[theprogroup.co.nz/index94c0.html]
[theprogroup.co.nz/wp-content/themes/namo/img/loader.html]
